
===========================================================================
 report_power
============================================================================
======================= max_tt_025C_1v80 Corner ===================================

Group                    Internal    Switching      Leakage        Total
                            Power        Power        Power        Power (Watts)
------------------------------------------------------------------------
Sequential           3.256107e-05 0.000000e+00 9.530268e-11 3.256117e-05  32.4%
Combinational        5.421076e-07 1.335348e-06 1.784508e-09 1.879240e-06   1.9%
Clock                5.129483e-05 1.486323e-05 9.927824e-10 6.615905e-05  65.8%
Macro                0.000000e+00 0.000000e+00 0.000000e+00 0.000000e+00   0.0%
Pad                  0.000000e+00 0.000000e+00 0.000000e+00 0.000000e+00   0.0%
------------------------------------------------------------------------
Total                8.439801e-05 1.619858e-05 2.872597e-09 1.005995e-04 100.0%
                            83.9%        16.1%         0.0%

