Clock: clk
Sources: clk 
Generated: no
Virtual: yes
Propagated: no
Period: 10.000000

===========================================================================
report_clock_properties
============================================================================
Clock                   Period          Waveform
----------------------------------------------------
clk                  10.000000    0.000000  5.000000

===========================================================================
report_clock_latency
============================================================================
Clock clk
rise -> rise
    min     max
0.000000 0.000000 source latency
0.487973         network latency _802_/CLK
        0.491720 network latency _801_/CLK
---------------
0.487973 0.491720 latency
        0.003747 skew

fall -> fall
    min     max
0.000000 0.000000 source latency
0.510656         network latency _802_/CLK
        0.514106 network latency _801_/CLK
---------------
0.510656 0.514106 latency
        0.003449 skew



===========================================================================
report_clock_min_period
============================================================================
clk period_min = 3.86 fmax = 259.23
