Clock: clk
Sources: clk 
Generated: no
Virtual: yes
Propagated: no
Period: 10.000000

===========================================================================
report_clock_properties
============================================================================
Clock                   Period          Waveform
----------------------------------------------------
clk                  10.000000    0.000000  5.000000

===========================================================================
report_clock_latency
============================================================================
Clock clk
rise -> rise
    min     max
0.000000 0.000000 source latency
0.496539         network latency _802_/CLK
        0.501324 network latency _801_/CLK
---------------
0.496539 0.501324 latency
        0.004785 skew

fall -> fall
    min     max
0.000000 0.000000 source latency
0.517202         network latency _802_/CLK
        0.521319 network latency _801_/CLK
---------------
0.517202 0.521319 latency
        0.004118 skew



===========================================================================
report_clock_min_period
============================================================================
clk period_min = 4.08 fmax = 245.26
