
===========================================================================
 report_power
============================================================================
======================= nom_tt_025C_1v80 Corner ===================================

Group                    Internal    Switching      Leakage        Total
                            Power        Power        Power        Power (Watts)
------------------------------------------------------------------------
Sequential           3.238820e-05 0.000000e+00 8.745464e-11 3.238829e-05  97.7%
Combinational        3.016234e-07 4.681152e-07 1.324529e-09 7.710631e-07   2.3%
Clock                0.000000e+00 0.000000e+00 0.000000e+00 0.000000e+00   0.0%
Macro                0.000000e+00 0.000000e+00 0.000000e+00 0.000000e+00   0.0%
Pad                  0.000000e+00 0.000000e+00 0.000000e+00 0.000000e+00   0.0%
------------------------------------------------------------------------
Total                3.268982e-05 4.681152e-07 1.411984e-09 3.315935e-05 100.0%
                            98.6%         1.4%         0.0%

