                                                                       Cells by Function                                                                        
┏━━━━━━━━━━━━━━━━━━━━━━━━━━━━━━━━━━━━━━━━━━━━━━━━━━━━━━━━━━━━━━━━━━━━━━━━━━━━━━━━━━━━━━━━━━━━━━━━━━━━━━━━━━━━━━━━━━━━━━━━━━━━━━━━━┳━━━━━━━━━━━━━━━━━━━━━━━━━━━━┓
┃ Cell Function                                                                                                                   ┃ Count                      ┃
┡━━━━━━━━━━━━━━━━━━━━━━━━━━━━━━━━━━━━━━━━━━━━━━━━━━━━━━━━━━━━━━━━━━━━━━━━━━━━━━━━━━━━━━━━━━━━━━━━━━━━━━━━━━━━━━━━━━━━━━━━━━━━━━━━━╇━━━━━━━━━━━━━━━━━━━━━━━━━━━━┩
│ sky130_ef_sc_hd__decap                                                                                                          │ 89                         │
│ sky130_fd_sc_hd__a211o                                                                                                          │ 17                         │
│ sky130_fd_sc_hd__a211oi                                                                                                         │ 1                          │
│ sky130_fd_sc_hd__a21bo                                                                                                          │ 5                          │
│ sky130_fd_sc_hd__a21o                                                                                                           │ 20                         │
│ sky130_fd_sc_hd__a21oi                                                                                                          │ 23                         │
│ sky130_fd_sc_hd__a221o                                                                                                          │ 9                          │
│ sky130_fd_sc_hd__a221oi                                                                                                         │ 1                          │
│ sky130_fd_sc_hd__a22o                                                                                                           │ 5                          │
│ sky130_fd_sc_hd__a22oi                                                                                                          │ 1                          │
│ sky130_fd_sc_hd__a2bb2o                                                                                                         │ 2                          │
│ sky130_fd_sc_hd__a311o                                                                                                          │ 12                         │
│ sky130_fd_sc_hd__a31o                                                                                                           │ 29                         │
│ sky130_fd_sc_hd__a31oi                                                                                                          │ 3                          │
│ sky130_fd_sc_hd__a32o                                                                                                           │ 6                          │
│ sky130_fd_sc_hd__a32oi                                                                                                          │ 1                          │
│ sky130_fd_sc_hd__a41o                                                                                                           │ 1                          │
│ sky130_fd_sc_hd__and2                                                                                                           │ 11                         │
│ sky130_fd_sc_hd__and2b                                                                                                          │ 5                          │
│ sky130_fd_sc_hd__and3                                                                                                           │ 11                         │
│ sky130_fd_sc_hd__and3b                                                                                                          │ 4                          │
│ sky130_fd_sc_hd__and4                                                                                                           │ 1                          │
│ sky130_fd_sc_hd__and4b                                                                                                          │ 1                          │
│ sky130_fd_sc_hd__and4bb                                                                                                         │ 2                          │
│ sky130_fd_sc_hd__buf                                                                                                            │ 48                         │
│ sky130_fd_sc_hd__clkbuf                                                                                                         │ 23                         │
│ sky130_fd_sc_hd__decap                                                                                                          │ 295                        │
│ sky130_fd_sc_hd__dfrtp                                                                                                          │ 8                          │
│ sky130_fd_sc_hd__dlymetal6s2s                                                                                                   │ 4                          │
│ sky130_fd_sc_hd__fill                                                                                                           │ 195                        │
│ sky130_fd_sc_hd__inv                                                                                                            │ 18                         │
│ sky130_fd_sc_hd__mux2                                                                                                           │ 3                          │
│ sky130_fd_sc_hd__nand2                                                                                                          │ 44                         │
│ sky130_fd_sc_hd__nand2b                                                                                                         │ 7                          │
│ sky130_fd_sc_hd__nand3b                                                                                                         │ 1                          │
│ sky130_fd_sc_hd__nor2                                                                                                           │ 29                         │
│ sky130_fd_sc_hd__nor3                                                                                                           │ 3                          │
│ sky130_fd_sc_hd__nor3b                                                                                                          │ 2                          │
│ sky130_fd_sc_hd__nor4                                                                                                           │ 1                          │
│ sky130_fd_sc_hd__o2111a                                                                                                         │ 2                          │
│ sky130_fd_sc_hd__o211a                                                                                                          │ 13                         │
│ sky130_fd_sc_hd__o211ai                                                                                                         │ 2                          │
│ sky130_fd_sc_hd__o21a                                                                                                           │ 9                          │
│ sky130_fd_sc_hd__o21ai                                                                                                          │ 12                         │
│ sky130_fd_sc_hd__o21ba                                                                                                          │ 4                          │
│ sky130_fd_sc_hd__o21bai                                                                                                         │ 2                          │
│ sky130_fd_sc_hd__o221a                                                                                                          │ 6                          │
│ sky130_fd_sc_hd__o221ai                                                                                                         │ 1                          │
│ sky130_fd_sc_hd__o22a                                                                                                           │ 3                          │
│ sky130_fd_sc_hd__o2bb2a                                                                                                         │ 3                          │
│ sky130_fd_sc_hd__o311a                                                                                                          │ 8                          │
│ sky130_fd_sc_hd__o31a                                                                                                           │ 6                          │
│ sky130_fd_sc_hd__o31ai                                                                                                          │ 2                          │
│ sky130_fd_sc_hd__o32a                                                                                                           │ 1                          │
│ sky130_fd_sc_hd__o32ai                                                                                                          │ 1                          │
│ sky130_fd_sc_hd__o41a                                                                                                           │ 3                          │
│ sky130_fd_sc_hd__or2                                                                                                            │ 17                         │
│ sky130_fd_sc_hd__or3                                                                                                            │ 16                         │
│ sky130_fd_sc_hd__or3b                                                                                                           │ 7                          │
│ sky130_fd_sc_hd__or4                                                                                                            │ 4                          │
│ sky130_fd_sc_hd__or4b                                                                                                           │ 1                          │
│ sky130_fd_sc_hd__tapvpwrvgnd                                                                                                    │ 99                         │
│ sky130_fd_sc_hd__xnor2                                                                                                          │ 4                          │
│ sky130_fd_sc_hd__xor2                                                                                                           │ 1                          │
└─────────────────────────────────────────────────────────────────────────────────────────────────────────────────────────────────┴────────────────────────────┘
