
===========================================================================
report_checks -path_delay max (Setup)
============================================================================
======================= nom_ff_n40C_1v95 Corner ===================================

Startpoint: _802_ (rising edge-triggered flip-flop clocked by clk)
Endpoint: sine_out[8] (output port clocked by clk)
Path Group: clk
Path Type: max

Fanout         Cap        Slew       Delay        Time   Description
---------------------------------------------------------------------------------------------
                      0.150000    0.000000    0.000000   clock clk (rise edge)
                                  0.000000    0.000000   clock network delay (ideal)
                      0.150000    0.000000    0.000000 ^ _802_/CLK (sky130_fd_sc_hd__dfrtp_2)
    80    0.240797    0.853883    0.816227    0.816227 ^ _802_/Q (sky130_fd_sc_hd__dfrtp_2)
                                                         tcount[4] (net)
                      0.853883    0.000000    0.816227 ^ _394_/A (sky130_fd_sc_hd__inv_2)
    37    0.081867    0.277314    0.201131    1.017358 v _394_/Y (sky130_fd_sc_hd__inv_2)
                                                         _338_ (net)
                      0.277314    0.000000    1.017358 v _695_/A (sky130_fd_sc_hd__or3_2)
     1    0.002262    0.048793    0.330383    1.347741 v _695_/X (sky130_fd_sc_hd__or3_2)
                                                         _253_ (net)
                      0.048793    0.000000    1.347741 v _706_/A2 (sky130_fd_sc_hd__a31o_2)
     2    0.003660    0.030241    0.150219    1.497959 v _706_/X (sky130_fd_sc_hd__a31o_2)
                                                         _264_ (net)
                      0.030241    0.000000    1.497959 v _710_/C (sky130_fd_sc_hd__or4_2)
     1    0.001353    0.060433    0.327282    1.825242 v _710_/X (sky130_fd_sc_hd__or4_2)
                                                         _268_ (net)
                      0.060433    0.000000    1.825242 v _711_/B1_N (sky130_fd_sc_hd__a21bo_2)
     1    0.033442    0.142216    0.210385    2.035627 ^ _711_/X (sky130_fd_sc_hd__a21bo_2)
                                                         sine_out[8] (net)
                      0.142216    0.000000    2.035627 ^ sine_out[8] (out)
                                              2.035627   data arrival time

                      0.150000   10.000000   10.000000   clock clk (rise edge)
                                  0.000000   10.000000   clock network delay (ideal)
                                 -0.250000    9.750000   clock uncertainty
                                  0.000000    9.750000   clock reconvergence pessimism
                                 -2.000000    7.750000   output external delay
                                              7.750000   data required time
---------------------------------------------------------------------------------------------
                                              7.750000   data required time
                                             -2.035627   data arrival time
---------------------------------------------------------------------------------------------
                                              5.714373   slack (MET)


Startpoint: _801_ (rising edge-triggered flip-flop clocked by clk)
Endpoint: sine_out[6] (output port clocked by clk)
Path Group: clk
Path Type: max

Fanout         Cap        Slew       Delay        Time   Description
---------------------------------------------------------------------------------------------
                      0.150000    0.000000    0.000000   clock clk (rise edge)
                                  0.000000    0.000000   clock network delay (ideal)
                      0.150000    0.000000    0.000000 ^ _801_/CLK (sky130_fd_sc_hd__dfrtp_2)
    77    0.229627    0.814541    0.789486    0.789486 ^ _801_/Q (sky130_fd_sc_hd__dfrtp_2)
                                                         tcount[3] (net)
                      0.814541    0.000000    0.789486 ^ _395_/A (sky130_fd_sc_hd__inv_2)
    22    0.057182    0.233197    0.147361    0.936847 v _395_/Y (sky130_fd_sc_hd__inv_2)
                                                         _339_ (net)
                      0.233197    0.000000    0.936847 v _641_/A (sky130_fd_sc_hd__or3_2)
     2    0.006162    0.059634    0.333977    1.270825 v _641_/X (sky130_fd_sc_hd__or3_2)
                                                         _202_ (net)
                      0.059634    0.000000    1.270825 v _657_/B (sky130_fd_sc_hd__and3_2)
     2    0.005471    0.034877    0.135270    1.406095 v _657_/X (sky130_fd_sc_hd__and3_2)
                                                         _217_ (net)
                      0.034877    0.000000    1.406095 v _658_/C (sky130_fd_sc_hd__or3_2)
     1    0.001549    0.046586    0.220548    1.626643 v _658_/X (sky130_fd_sc_hd__or3_2)
                                                         _218_ (net)
                      0.046586    0.000000    1.626643 v _665_/B (sky130_fd_sc_hd__and3_2)
     1    0.004139    0.031175    0.126458    1.753100 v _665_/X (sky130_fd_sc_hd__and3_2)
                                                         _225_ (net)
                      0.031175    0.000000    1.753100 v _670_/A2 (sky130_fd_sc_hd__a22oi_2)
     1    0.033442    0.254282    0.221964    1.975064 ^ _670_/Y (sky130_fd_sc_hd__a22oi_2)
                                                         sine_out[6] (net)
                      0.254282    0.000000    1.975064 ^ sine_out[6] (out)
                                              1.975064   data arrival time

                      0.150000   10.000000   10.000000   clock clk (rise edge)
                                  0.000000   10.000000   clock network delay (ideal)
                                 -0.250000    9.750000   clock uncertainty
                                  0.000000    9.750000   clock reconvergence pessimism
                                 -2.000000    7.750000   output external delay
                                              7.750000   data required time
---------------------------------------------------------------------------------------------
                                              7.750000   data required time
                                             -1.975064   data arrival time
---------------------------------------------------------------------------------------------
                                              5.774936   slack (MET)


Startpoint: _802_ (rising edge-triggered flip-flop clocked by clk)
Endpoint: sine_out[11] (output port clocked by clk)
Path Group: clk
Path Type: max

Fanout         Cap        Slew       Delay        Time   Description
---------------------------------------------------------------------------------------------
                      0.150000    0.000000    0.000000   clock clk (rise edge)
                                  0.000000    0.000000   clock network delay (ideal)
                      0.150000    0.000000    0.000000 ^ _802_/CLK (sky130_fd_sc_hd__dfrtp_2)
    80    0.240797    0.853883    0.816227    0.816227 ^ _802_/Q (sky130_fd_sc_hd__dfrtp_2)
                                                         tcount[4] (net)
                      0.853883    0.000000    0.816227 ^ _394_/A (sky130_fd_sc_hd__inv_2)
    37    0.081867    0.277314    0.201131    1.017358 v _394_/Y (sky130_fd_sc_hd__inv_2)
                                                         _338_ (net)
                      0.277314    0.000000    1.017358 v _738_/A (sky130_fd_sc_hd__or2_2)
     2    0.003810    0.040496    0.252431    1.269789 v _738_/X (sky130_fd_sc_hd__or2_2)
                                                         _294_ (net)
                      0.040496    0.000000    1.269789 v _748_/B (sky130_fd_sc_hd__or3b_2)
     1    0.002208    0.048859    0.245609    1.515398 v _748_/X (sky130_fd_sc_hd__or3b_2)
                                                         _303_ (net)
                      0.048859    0.000000    1.515398 v _751_/A2 (sky130_fd_sc_hd__a311o_2)
     2    0.006544    0.047922    0.234840    1.750237 v _751_/X (sky130_fd_sc_hd__a311o_2)
                                                         _306_ (net)
                      0.047922    0.000000    1.750237 v _760_/A1 (sky130_fd_sc_hd__a21oi_2)
     1    0.002557    0.057237    0.075832    1.826070 ^ _760_/Y (sky130_fd_sc_hd__a21oi_2)
                                                         _315_ (net)
                      0.057237    0.000000    1.826070 ^ _761_/B1 (sky130_fd_sc_hd__a31o_2)
     1    0.033442    0.152063    0.147226    1.973295 ^ _761_/X (sky130_fd_sc_hd__a31o_2)
                                                         sine_out[11] (net)
                      0.152063    0.000000    1.973295 ^ sine_out[11] (out)
                                              1.973295   data arrival time

                      0.150000   10.000000   10.000000   clock clk (rise edge)
                                  0.000000   10.000000   clock network delay (ideal)
                                 -0.250000    9.750000   clock uncertainty
                                  0.000000    9.750000   clock reconvergence pessimism
                                 -2.000000    7.750000   output external delay
                                              7.750000   data required time
---------------------------------------------------------------------------------------------
                                              7.750000   data required time
                                             -1.973295   data arrival time
---------------------------------------------------------------------------------------------
                                              5.776705   slack (MET)


Startpoint: _802_ (rising edge-triggered flip-flop clocked by clk)
Endpoint: sine_out[5] (output port clocked by clk)
Path Group: clk
Path Type: max

Fanout         Cap        Slew       Delay        Time   Description
---------------------------------------------------------------------------------------------
                      0.150000    0.000000    0.000000   clock clk (rise edge)
                                  0.000000    0.000000   clock network delay (ideal)
                      0.150000    0.000000    0.000000 ^ _802_/CLK (sky130_fd_sc_hd__dfrtp_2)
    80    0.240797    0.853883    0.816227    0.816227 ^ _802_/Q (sky130_fd_sc_hd__dfrtp_2)
                                                         tcount[4] (net)
                      0.853883    0.000000    0.816227 ^ _394_/A (sky130_fd_sc_hd__inv_2)
    37    0.081867    0.277314    0.201131    1.017358 v _394_/Y (sky130_fd_sc_hd__inv_2)
                                                         _338_ (net)
                      0.277314    0.000000    1.017358 v _638_/C1 (sky130_fd_sc_hd__a311o_2)
     1    0.002298    0.036939    0.205559    1.222917 v _638_/X (sky130_fd_sc_hd__a311o_2)
                                                         _199_ (net)
                      0.036939    0.000000    1.222917 v _639_/B1 (sky130_fd_sc_hd__o311a_2)
     2    0.003015    0.041359    0.082708    1.305625 v _639_/X (sky130_fd_sc_hd__o311a_2)
                                                         _200_ (net)
                      0.041359    0.000000    1.305625 v _647_/B (sky130_fd_sc_hd__or4b_2)
     1    0.001577    0.061663    0.347785    1.653411 v _647_/X (sky130_fd_sc_hd__or4b_2)
                                                         _208_ (net)
                      0.061663    0.000000    1.653411 v _651_/A0 (sky130_fd_sc_hd__mux2_1)
     1    0.033442    0.137483    0.259664    1.913075 v _651_/X (sky130_fd_sc_hd__mux2_1)
                                                         sine_out[5] (net)
                      0.137483    0.000000    1.913075 v sine_out[5] (out)
                                              1.913075   data arrival time

                      0.150000   10.000000   10.000000   clock clk (rise edge)
                                  0.000000   10.000000   clock network delay (ideal)
                                 -0.250000    9.750000   clock uncertainty
                                  0.000000    9.750000   clock reconvergence pessimism
                                 -2.000000    7.750000   output external delay
                                              7.750000   data required time
---------------------------------------------------------------------------------------------
                                              7.750000   data required time
                                             -1.913075   data arrival time
---------------------------------------------------------------------------------------------
                                              5.836926   slack (MET)


Startpoint: _802_ (rising edge-triggered flip-flop clocked by clk)
Endpoint: sine_out[2] (output port clocked by clk)
Path Group: clk
Path Type: max

Fanout         Cap        Slew       Delay        Time   Description
---------------------------------------------------------------------------------------------
                      0.150000    0.000000    0.000000   clock clk (rise edge)
                                  0.000000    0.000000   clock network delay (ideal)
                      0.150000    0.000000    0.000000 ^ _802_/CLK (sky130_fd_sc_hd__dfrtp_2)
    80    0.240797    0.853883    0.816227    0.816227 ^ _802_/Q (sky130_fd_sc_hd__dfrtp_2)
                                                         tcount[4] (net)
                      0.853883    0.000000    0.816227 ^ _394_/A (sky130_fd_sc_hd__inv_2)
    37    0.081867    0.277314    0.201131    1.017358 v _394_/Y (sky130_fd_sc_hd__inv_2)
                                                         _338_ (net)
                      0.277314    0.000000    1.017358 v _541_/B1 (sky130_fd_sc_hd__a21o_2)
     3    0.004954    0.031334    0.174974    1.192332 v _541_/X (sky130_fd_sc_hd__a21o_2)
                                                         _106_ (net)
                      0.031334    0.000000    1.192332 v _569_/C (sky130_fd_sc_hd__or3_2)
     1    0.002262    0.049530    0.222905    1.415238 v _569_/X (sky130_fd_sc_hd__or3_2)
                                                         _133_ (net)
                      0.049530    0.000000    1.415238 v _572_/A2 (sky130_fd_sc_hd__a31o_2)
     1    0.001535    0.025063    0.143135    1.558372 v _572_/X (sky130_fd_sc_hd__a31o_2)
                                                         _136_ (net)
                      0.025063    0.000000    1.558372 v _584_/D (sky130_fd_sc_hd__and4bb_2)
     1    0.001406    0.026657    0.130738    1.689111 v _584_/X (sky130_fd_sc_hd__and4bb_2)
                                                         _148_ (net)
                      0.026657    0.000000    1.689111 v _585_/B1_N (sky130_fd_sc_hd__o21ba_2)
     1    0.033442    0.154505    0.214315    1.903425 ^ _585_/X (sky130_fd_sc_hd__o21ba_2)
                                                         sine_out[2] (net)
                      0.154505    0.000000    1.903425 ^ sine_out[2] (out)
                                              1.903425   data arrival time

                      0.150000   10.000000   10.000000   clock clk (rise edge)
                                  0.000000   10.000000   clock network delay (ideal)
                                 -0.250000    9.750000   clock uncertainty
                                  0.000000    9.750000   clock reconvergence pessimism
                                 -2.000000    7.750000   output external delay
                                              7.750000   data required time
---------------------------------------------------------------------------------------------
                                              7.750000   data required time
                                             -1.903425   data arrival time
---------------------------------------------------------------------------------------------
                                              5.846574   slack (MET)


Startpoint: _802_ (rising edge-triggered flip-flop clocked by clk)
Endpoint: sine_out[7] (output port clocked by clk)
Path Group: clk
Path Type: max

Fanout         Cap        Slew       Delay        Time   Description
---------------------------------------------------------------------------------------------
                      0.150000    0.000000    0.000000   clock clk (rise edge)
                                  0.000000    0.000000   clock network delay (ideal)
                      0.150000    0.000000    0.000000 ^ _802_/CLK (sky130_fd_sc_hd__dfrtp_2)
    80    0.240797    0.853883    0.816227    0.816227 ^ _802_/Q (sky130_fd_sc_hd__dfrtp_2)
                                                         tcount[4] (net)
                      0.853883    0.000000    0.816227 ^ _394_/A (sky130_fd_sc_hd__inv_2)
    37    0.081867    0.277314    0.201131    1.017358 v _394_/Y (sky130_fd_sc_hd__inv_2)
                                                         _338_ (net)
                      0.277314    0.000000    1.017358 v _678_/A (sky130_fd_sc_hd__or3_2)
     1    0.002268    0.048743    0.330410    1.347768 v _678_/X (sky130_fd_sc_hd__or3_2)
                                                         _237_ (net)
                      0.048743    0.000000    1.347768 v _679_/B1 (sky130_fd_sc_hd__a31o_2)
     1    0.002262    0.027012    0.082709    1.430477 v _679_/X (sky130_fd_sc_hd__a31o_2)
                                                         _238_ (net)
                      0.027012    0.000000    1.430477 v _681_/A2 (sky130_fd_sc_hd__a31o_2)
     2    0.006540    0.035870    0.149608    1.580085 v _681_/X (sky130_fd_sc_hd__a31o_2)
                                                         _240_ (net)
                      0.035870    0.000000    1.580085 v _689_/A1 (sky130_fd_sc_hd__a211o_2)
     1    0.004267    0.037535    0.180748    1.760833 v _689_/X (sky130_fd_sc_hd__a211o_2)
                                                         _248_ (net)
                      0.037535    0.000000    1.760833 v _690_/B1 (sky130_fd_sc_hd__o21ai_2)
     1    0.033442    0.288055    0.121088    1.881920 ^ _690_/Y (sky130_fd_sc_hd__o21ai_2)
                                                         sine_out[7] (net)
                      0.288055    0.000000    1.881920 ^ sine_out[7] (out)
                                              1.881920   data arrival time

                      0.150000   10.000000   10.000000   clock clk (rise edge)
                                  0.000000   10.000000   clock network delay (ideal)
                                 -0.250000    9.750000   clock uncertainty
                                  0.000000    9.750000   clock reconvergence pessimism
                                 -2.000000    7.750000   output external delay
                                              7.750000   data required time
---------------------------------------------------------------------------------------------
                                              7.750000   data required time
                                             -1.881920   data arrival time
---------------------------------------------------------------------------------------------
                                              5.868080   slack (MET)


Startpoint: _801_ (rising edge-triggered flip-flop clocked by clk)
Endpoint: sine_out[4] (output port clocked by clk)
Path Group: clk
Path Type: max

Fanout         Cap        Slew       Delay        Time   Description
---------------------------------------------------------------------------------------------
                      0.150000    0.000000    0.000000   clock clk (rise edge)
                                  0.000000    0.000000   clock network delay (ideal)
                      0.150000    0.000000    0.000000 ^ _801_/CLK (sky130_fd_sc_hd__dfrtp_2)
    77    0.229627    0.814541    0.789486    0.789486 ^ _801_/Q (sky130_fd_sc_hd__dfrtp_2)
                                                         tcount[3] (net)
                      0.814541    0.000000    0.789486 ^ _395_/A (sky130_fd_sc_hd__inv_2)
    22    0.057182    0.233197    0.147361    0.936847 v _395_/Y (sky130_fd_sc_hd__inv_2)
                                                         _339_ (net)
                      0.233197    0.000000    0.936847 v _435_/C1 (sky130_fd_sc_hd__a211o_2)
     5    0.013105    0.055882    0.218924    1.155771 v _435_/X (sky130_fd_sc_hd__a211o_2)
                                                         _377_ (net)
                      0.055882    0.000000    1.155771 v _624_/A2 (sky130_fd_sc_hd__a311o_2)
     1    0.002258    0.036811    0.222131    1.377902 v _624_/X (sky130_fd_sc_hd__a311o_2)
                                                         _186_ (net)
                      0.036811    0.000000    1.377902 v _627_/A2 (sky130_fd_sc_hd__a32o_2)
     2    0.005558    0.030392    0.139882    1.517784 v _627_/X (sky130_fd_sc_hd__a32o_2)
                                                         _189_ (net)
                      0.030392    0.000000    1.517784 v _629_/C (sky130_fd_sc_hd__or3_2)
     1    0.004267    0.054861    0.231781    1.749565 v _629_/X (sky130_fd_sc_hd__or3_2)
                                                         _191_ (net)
                      0.054861    0.000000    1.749565 v _630_/B1 (sky130_fd_sc_hd__o21ai_2)
     1    0.033442    0.287944    0.127555    1.877121 ^ _630_/Y (sky130_fd_sc_hd__o21ai_2)
                                                         sine_out[4] (net)
                      0.287944    0.000000    1.877121 ^ sine_out[4] (out)
                                              1.877121   data arrival time

                      0.150000   10.000000   10.000000   clock clk (rise edge)
                                  0.000000   10.000000   clock network delay (ideal)
                                 -0.250000    9.750000   clock uncertainty
                                  0.000000    9.750000   clock reconvergence pessimism
                                 -2.000000    7.750000   output external delay
                                              7.750000   data required time
---------------------------------------------------------------------------------------------
                                              7.750000   data required time
                                             -1.877121   data arrival time
---------------------------------------------------------------------------------------------
                                              5.872879   slack (MET)


Startpoint: _801_ (rising edge-triggered flip-flop clocked by clk)
Endpoint: sine_out[3] (output port clocked by clk)
Path Group: clk
Path Type: max

Fanout         Cap        Slew       Delay        Time   Description
---------------------------------------------------------------------------------------------
                      0.150000    0.000000    0.000000   clock clk (rise edge)
                                  0.000000    0.000000   clock network delay (ideal)
                      0.150000    0.000000    0.000000 ^ _801_/CLK (sky130_fd_sc_hd__dfrtp_2)
    77    0.229627    0.814541    0.789486    0.789486 ^ _801_/Q (sky130_fd_sc_hd__dfrtp_2)
                                                         tcount[3] (net)
                      0.814541    0.000000    0.789486 ^ _395_/A (sky130_fd_sc_hd__inv_2)
    22    0.057182    0.233197    0.147361    0.936847 v _395_/Y (sky130_fd_sc_hd__inv_2)
                                                         _339_ (net)
                      0.233197    0.000000    0.936847 v _607_/A1 (sky130_fd_sc_hd__o31a_2)
     1    0.002176    0.034726    0.264944    1.201791 v _607_/X (sky130_fd_sc_hd__o31a_2)
                                                         _170_ (net)
                      0.034726    0.000000    1.201791 v _609_/A2 (sky130_fd_sc_hd__o211a_2)
     1    0.001542    0.028372    0.137574    1.339365 v _609_/X (sky130_fd_sc_hd__o211a_2)
                                                         _172_ (net)
                      0.028372    0.000000    1.339365 v _612_/B (sky130_fd_sc_hd__or3b_2)
     1    0.001820    0.047747    0.240343    1.579708 v _612_/X (sky130_fd_sc_hd__or3b_2)
                                                         _175_ (net)
                      0.047747    0.000000    1.579708 v _613_/B2 (sky130_fd_sc_hd__o2bb2a_2)
     1    0.033442    0.080658    0.210650    1.790358 v _613_/X (sky130_fd_sc_hd__o2bb2a_2)
                                                         sine_out[3] (net)
                      0.080658    0.000000    1.790358 v sine_out[3] (out)
                                              1.790358   data arrival time

                      0.150000   10.000000   10.000000   clock clk (rise edge)
                                  0.000000   10.000000   clock network delay (ideal)
                                 -0.250000    9.750000   clock uncertainty
                                  0.000000    9.750000   clock reconvergence pessimism
                                 -2.000000    7.750000   output external delay
                                              7.750000   data required time
---------------------------------------------------------------------------------------------
                                              7.750000   data required time
                                             -1.790358   data arrival time
---------------------------------------------------------------------------------------------
                                              5.959642   slack (MET)


Startpoint: _802_ (rising edge-triggered flip-flop clocked by clk)
Endpoint: sine_out[10] (output port clocked by clk)
Path Group: clk
Path Type: max

Fanout         Cap        Slew       Delay        Time   Description
---------------------------------------------------------------------------------------------
                      0.150000    0.000000    0.000000   clock clk (rise edge)
                                  0.000000    0.000000   clock network delay (ideal)
                      0.150000    0.000000    0.000000 ^ _802_/CLK (sky130_fd_sc_hd__dfrtp_2)
    80    0.240797    0.853883    0.816227    0.816227 ^ _802_/Q (sky130_fd_sc_hd__dfrtp_2)
                                                         tcount[4] (net)
                      0.853883    0.000000    0.816227 ^ _394_/A (sky130_fd_sc_hd__inv_2)
    37    0.081867    0.277314    0.201131    1.017358 v _394_/Y (sky130_fd_sc_hd__inv_2)
                                                         _338_ (net)
                      0.277314    0.000000    1.017358 v _738_/A (sky130_fd_sc_hd__or2_2)
     2    0.003810    0.040496    0.252431    1.269789 v _738_/X (sky130_fd_sc_hd__or2_2)
                                                         _294_ (net)
                      0.040496    0.000000    1.269789 v _739_/B1 (sky130_fd_sc_hd__a31o_2)
     2    0.004588    0.032412    0.085684    1.355473 v _739_/X (sky130_fd_sc_hd__a31o_2)
                                                         _295_ (net)
                      0.032412    0.000000    1.355473 v _741_/A1 (sky130_fd_sc_hd__a21o_2)
     1    0.001548    0.022115    0.109482    1.464955 v _741_/X (sky130_fd_sc_hd__a21o_2)
                                                         _297_ (net)
                      0.022115    0.000000    1.464955 v _742_/C (sky130_fd_sc_hd__and3_2)
     1    0.001820    0.025682    0.118633    1.583588 v _742_/X (sky130_fd_sc_hd__and3_2)
                                                         _298_ (net)
                      0.025682    0.000000    1.583588 v _747_/B2 (sky130_fd_sc_hd__o2bb2a_2)
     1    0.033442    0.080586    0.203195    1.786784 v _747_/X (sky130_fd_sc_hd__o2bb2a_2)
                                                         sine_out[10] (net)
                      0.080586    0.000000    1.786784 v sine_out[10] (out)
                                              1.786784   data arrival time

                      0.150000   10.000000   10.000000   clock clk (rise edge)
                                  0.000000   10.000000   clock network delay (ideal)
                                 -0.250000    9.750000   clock uncertainty
                                  0.000000    9.750000   clock reconvergence pessimism
                                 -2.000000    7.750000   output external delay
                                              7.750000   data required time
---------------------------------------------------------------------------------------------
                                              7.750000   data required time
                                             -1.786784   data arrival time
---------------------------------------------------------------------------------------------
                                              5.963216   slack (MET)


Startpoint: _802_ (rising edge-triggered flip-flop clocked by clk)
Endpoint: sine_out[0] (output port clocked by clk)
Path Group: clk
Path Type: max

Fanout         Cap        Slew       Delay        Time   Description
---------------------------------------------------------------------------------------------
                      0.150000    0.000000    0.000000   clock clk (rise edge)
                                  0.000000    0.000000   clock network delay (ideal)
                      0.150000    0.000000    0.000000 ^ _802_/CLK (sky130_fd_sc_hd__dfrtp_2)
    80    0.240797    0.853883    0.816227    0.816227 ^ _802_/Q (sky130_fd_sc_hd__dfrtp_2)
                                                         tcount[4] (net)
                      0.853883    0.000000    0.816227 ^ _394_/A (sky130_fd_sc_hd__inv_2)
    37    0.081867    0.277314    0.201131    1.017358 v _394_/Y (sky130_fd_sc_hd__inv_2)
                                                         _338_ (net)
                      0.277314    0.000000    1.017358 v _466_/A1 (sky130_fd_sc_hd__o41a_2)
     1    0.001800    0.041067    0.348474    1.365831 v _466_/X (sky130_fd_sc_hd__o41a_2)
                                                         _033_ (net)
                      0.041067    0.000000    1.365831 v _467_/B2 (sky130_fd_sc_hd__a2bb2o_2)
     1    0.002261    0.029434    0.137952    1.503783 v _467_/X (sky130_fd_sc_hd__a2bb2o_2)
                                                         _034_ (net)
                      0.029434    0.000000    1.503783 v _488_/B1 (sky130_fd_sc_hd__a211o_2)
     1    0.033442    0.086667    0.196180    1.699964 v _488_/X (sky130_fd_sc_hd__a211o_2)
                                                         sine_out[0] (net)
                      0.086667    0.000000    1.699964 v sine_out[0] (out)
                                              1.699964   data arrival time

                      0.150000   10.000000   10.000000   clock clk (rise edge)
                                  0.000000   10.000000   clock network delay (ideal)
                                 -0.250000    9.750000   clock uncertainty
                                  0.000000    9.750000   clock reconvergence pessimism
                                 -2.000000    7.750000   output external delay
                                              7.750000   data required time
---------------------------------------------------------------------------------------------
                                              7.750000   data required time
                                             -1.699964   data arrival time
---------------------------------------------------------------------------------------------
                                              6.050036   slack (MET)


Startpoint: _798_ (rising edge-triggered flip-flop clocked by clk)
Endpoint: sine_out[1] (output port clocked by clk)
Path Group: clk
Path Type: max

Fanout         Cap        Slew       Delay        Time   Description
---------------------------------------------------------------------------------------------
                      0.150000    0.000000    0.000000   clock clk (rise edge)
                                  0.000000    0.000000   clock network delay (ideal)
                      0.150000    0.000000    0.000000 ^ _798_/CLK (sky130_fd_sc_hd__dfrtp_2)
    47    0.134123    0.225170    0.455359    0.455359 v _798_/Q (sky130_fd_sc_hd__dfrtp_2)
                                                         tcount[0] (net)
                      0.225170    0.000000    0.455359 v _403_/A (sky130_fd_sc_hd__xnor2_2)
    12    0.042109    0.415613    0.400442    0.855801 ^ _403_/Y (sky130_fd_sc_hd__xnor2_2)
                                                         _346_ (net)
                      0.415613    0.000000    0.855801 ^ _404_/A (sky130_fd_sc_hd__inv_2)
    12    0.037877    0.134496    0.100106    0.955907 v _404_/Y (sky130_fd_sc_hd__inv_2)
                                                         _001_ (net)
                      0.134496    0.000000    0.955907 v _492_/B (sky130_fd_sc_hd__nand2_2)
     5    0.017334    0.110283    0.121242    1.077149 ^ _492_/Y (sky130_fd_sc_hd__nand2_2)
                                                         _057_ (net)
                      0.110283    0.000000    1.077149 ^ _496_/A3 (sky130_fd_sc_hd__a31oi_2)
     1    0.002266    0.050761    0.052407    1.129556 v _496_/Y (sky130_fd_sc_hd__a31oi_2)
                                                         _061_ (net)
                      0.050761    0.000000    1.129556 v _497_/B1 (sky130_fd_sc_hd__a221o_2)
     1    0.002220    0.030484    0.160769    1.290325 v _497_/X (sky130_fd_sc_hd__a221o_2)
                                                         _062_ (net)
                      0.030484    0.000000    1.290325 v _515_/A2 (sky130_fd_sc_hd__o22a_2)
     1    0.002149    0.027542    0.120616    1.410941 v _515_/X (sky130_fd_sc_hd__o22a_2)
                                                         _080_ (net)
                      0.027542    0.000000    1.410941 v _546_/A2 (sky130_fd_sc_hd__o32a_2)
     1    0.033442    0.088477    0.268886    1.679827 v _546_/X (sky130_fd_sc_hd__o32a_2)
                                                         sine_out[1] (net)
                      0.088477    0.000000    1.679827 v sine_out[1] (out)
                                              1.679827   data arrival time

                      0.150000   10.000000   10.000000   clock clk (rise edge)
                                  0.000000   10.000000   clock network delay (ideal)
                                 -0.250000    9.750000   clock uncertainty
                                  0.000000    9.750000   clock reconvergence pessimism
                                 -2.000000    7.750000   output external delay
                                              7.750000   data required time
---------------------------------------------------------------------------------------------
                                              7.750000   data required time
                                             -1.679827   data arrival time
---------------------------------------------------------------------------------------------
                                              6.070173   slack (MET)


Startpoint: _802_ (rising edge-triggered flip-flop clocked by clk)
Endpoint: sine_out[12] (output port clocked by clk)
Path Group: clk
Path Type: max

Fanout         Cap        Slew       Delay        Time   Description
---------------------------------------------------------------------------------------------
                      0.150000    0.000000    0.000000   clock clk (rise edge)
                                  0.000000    0.000000   clock network delay (ideal)
                      0.150000    0.000000    0.000000 ^ _802_/CLK (sky130_fd_sc_hd__dfrtp_2)
    80    0.240797    0.853883    0.816227    0.816227 ^ _802_/Q (sky130_fd_sc_hd__dfrtp_2)
                                                         tcount[4] (net)
                      0.853883    0.000000    0.816227 ^ _394_/A (sky130_fd_sc_hd__inv_2)
    37    0.081867    0.277314    0.201131    1.017358 v _394_/Y (sky130_fd_sc_hd__inv_2)
                                                         _338_ (net)
                      0.277314    0.000000    1.017358 v _767_/A (sky130_fd_sc_hd__and2_2)
     1    0.002229    0.028855    0.193148    1.210505 v _767_/X (sky130_fd_sc_hd__and2_2)
                                                         _321_ (net)
                      0.028855    0.000000    1.210505 v _770_/A2 (sky130_fd_sc_hd__o221a_2)
     1    0.003440    0.033498    0.153787    1.364293 v _770_/X (sky130_fd_sc_hd__o221a_2)
                                                         _324_ (net)
                      0.033498    0.000000    1.364293 v _773_/S (sky130_fd_sc_hd__mux2_1)
     1    0.033442    0.137417    0.282545    1.646838 v _773_/X (sky130_fd_sc_hd__mux2_1)
                                                         sine_out[12] (net)
                      0.137417    0.000000    1.646838 v sine_out[12] (out)
                                              1.646838   data arrival time

                      0.150000   10.000000   10.000000   clock clk (rise edge)
                                  0.000000   10.000000   clock network delay (ideal)
                                 -0.250000    9.750000   clock uncertainty
                                  0.000000    9.750000   clock reconvergence pessimism
                                 -2.000000    7.750000   output external delay
                                              7.750000   data required time
---------------------------------------------------------------------------------------------
                                              7.750000   data required time
                                             -1.646838   data arrival time
---------------------------------------------------------------------------------------------
                                              6.103162   slack (MET)


Startpoint: _802_ (rising edge-triggered flip-flop clocked by clk)
Endpoint: sine_out[9] (output port clocked by clk)
Path Group: clk
Path Type: max

Fanout         Cap        Slew       Delay        Time   Description
---------------------------------------------------------------------------------------------
                      0.150000    0.000000    0.000000   clock clk (rise edge)
                                  0.000000    0.000000   clock network delay (ideal)
                      0.150000    0.000000    0.000000 ^ _802_/CLK (sky130_fd_sc_hd__dfrtp_2)
    80    0.240797    0.853883    0.816227    0.816227 ^ _802_/Q (sky130_fd_sc_hd__dfrtp_2)
                                                         tcount[4] (net)
                      0.853883    0.000000    0.816227 ^ _394_/A (sky130_fd_sc_hd__inv_2)
    37    0.081867    0.277314    0.201131    1.017358 v _394_/Y (sky130_fd_sc_hd__inv_2)
                                                         _338_ (net)
                      0.277314    0.000000    1.017358 v _716_/C1 (sky130_fd_sc_hd__o221a_2)
     1    0.002186    0.030741    0.158696    1.176054 v _716_/X (sky130_fd_sc_hd__o221a_2)
                                                         _273_ (net)
                      0.030741    0.000000    1.176054 v _717_/B1 (sky130_fd_sc_hd__a311o_2)
     1    0.002282    0.036869    0.132516    1.308570 v _717_/X (sky130_fd_sc_hd__a311o_2)
                                                         _274_ (net)
                      0.036869    0.000000    1.308570 v _721_/B1 (sky130_fd_sc_hd__o211a_2)
     2    0.006602    0.038506    0.091252    1.399822 v _721_/X (sky130_fd_sc_hd__o211a_2)
                                                         _278_ (net)
                      0.038506    0.000000    1.399822 v _725_/B1 (sky130_fd_sc_hd__o211a_2)
     1    0.002289    0.029271    0.082158    1.481980 v _725_/X (sky130_fd_sc_hd__o211a_2)
                                                         _282_ (net)
                      0.029271    0.000000    1.481980 v _726_/B1 (sky130_fd_sc_hd__a21o_2)
     1    0.033442    0.074280    0.129945    1.611926 v _726_/X (sky130_fd_sc_hd__a21o_2)
                                                         sine_out[9] (net)
                      0.074280    0.000000    1.611926 v sine_out[9] (out)
                                              1.611926   data arrival time

                      0.150000   10.000000   10.000000   clock clk (rise edge)
                                  0.000000   10.000000   clock network delay (ideal)
                                 -0.250000    9.750000   clock uncertainty
                                  0.000000    9.750000   clock reconvergence pessimism
                                 -2.000000    7.750000   output external delay
                                              7.750000   data required time
---------------------------------------------------------------------------------------------
                                              7.750000   data required time
                                             -1.611926   data arrival time
---------------------------------------------------------------------------------------------
                                              6.138074   slack (MET)


Startpoint: _801_ (rising edge-triggered flip-flop clocked by clk)
Endpoint: sine_out[13] (output port clocked by clk)
Path Group: clk
Path Type: max

Fanout         Cap        Slew       Delay        Time   Description
---------------------------------------------------------------------------------------------
                      0.150000    0.000000    0.000000   clock clk (rise edge)
                                  0.000000    0.000000   clock network delay (ideal)
                      0.150000    0.000000    0.000000 ^ _801_/CLK (sky130_fd_sc_hd__dfrtp_2)
    77    0.210221    0.342535    0.545216    0.545216 v _801_/Q (sky130_fd_sc_hd__dfrtp_2)
                                                         tcount[3] (net)
                      0.342535    0.000000    0.545216 v _432_/A (sky130_fd_sc_hd__and2_2)
     2    0.004572    0.035877    0.218361    0.763577 v _432_/X (sky130_fd_sc_hd__and2_2)
                                                         _374_ (net)
                      0.035877    0.000000    0.763577 v _728_/A2 (sky130_fd_sc_hd__a21o_2)
     3    0.010708    0.040676    0.149782    0.913359 v _728_/X (sky130_fd_sc_hd__a21o_2)
                                                         _284_ (net)
                      0.040676    0.000000    0.913359 v _774_/B1 (sky130_fd_sc_hd__a22o_2)
     1    0.001395    0.020933    0.092391    1.005751 v _774_/X (sky130_fd_sc_hd__a22o_2)
                                                         _327_ (net)
                      0.020933    0.000000    1.005751 v _775_/B (sky130_fd_sc_hd__or2_2)
     1    0.003440    0.038455    0.154245    1.159996 v _775_/X (sky130_fd_sc_hd__or2_2)
                                                         _328_ (net)
                      0.038455    0.000000    1.159996 v _777_/S (sky130_fd_sc_hd__mux2_1)
     1    0.033442    0.137888    0.283985    1.443981 v _777_/X (sky130_fd_sc_hd__mux2_1)
                                                         sine_out[13] (net)
                      0.137888    0.000000    1.443981 v sine_out[13] (out)
                                              1.443981   data arrival time

                      0.150000   10.000000   10.000000   clock clk (rise edge)
                                  0.000000   10.000000   clock network delay (ideal)
                                 -0.250000    9.750000   clock uncertainty
                                  0.000000    9.750000   clock reconvergence pessimism
                                 -2.000000    7.750000   output external delay
                                              7.750000   data required time
---------------------------------------------------------------------------------------------
                                              7.750000   data required time
                                             -1.443981   data arrival time
---------------------------------------------------------------------------------------------
                                              6.306019   slack (MET)


Startpoint: _801_ (rising edge-triggered flip-flop clocked by clk)
Endpoint: sine_out[15] (output port clocked by clk)
Path Group: clk
Path Type: max

Fanout         Cap        Slew       Delay        Time   Description
---------------------------------------------------------------------------------------------
                      0.150000    0.000000    0.000000   clock clk (rise edge)
                                  0.000000    0.000000   clock network delay (ideal)
                      0.150000    0.000000    0.000000 ^ _801_/CLK (sky130_fd_sc_hd__dfrtp_2)
    77    0.210221    0.342535    0.545216    0.545216 v _801_/Q (sky130_fd_sc_hd__dfrtp_2)
                                                         tcount[3] (net)
                      0.342535    0.000000    0.545216 v _499_/A (sky130_fd_sc_hd__nor2_2)
     2    0.009387    0.121731    0.195849    0.741064 ^ _499_/Y (sky130_fd_sc_hd__nor2_2)
                                                         _064_ (net)
                      0.121731    0.000000    0.741064 ^ _617_/B (sky130_fd_sc_hd__nand2_2)
     3    0.007533    0.043457    0.045090    0.786154 v _617_/Y (sky130_fd_sc_hd__nand2_2)
                                                         _179_ (net)
                      0.043457    0.000000    0.786154 v _771_/B (sky130_fd_sc_hd__or2_2)
     4    0.009335    0.053726    0.178409    0.964563 v _771_/X (sky130_fd_sc_hd__or2_2)
                                                         _325_ (net)
                      0.053726    0.000000    0.964563 v _779_/C (sky130_fd_sc_hd__or3_2)
     2    0.006108    0.059483    0.244069    1.208631 v _779_/X (sky130_fd_sc_hd__or3_2)
                                                         _332_ (net)
                      0.059483    0.000000    1.208631 v _782_/B (sky130_fd_sc_hd__and2_2)
     1    0.033442    0.072753    0.178900    1.387532 v _782_/X (sky130_fd_sc_hd__and2_2)
                                                         sine_out[15] (net)
                      0.072753    0.000000    1.387532 v sine_out[15] (out)
                                              1.387532   data arrival time

                      0.150000   10.000000   10.000000   clock clk (rise edge)
                                  0.000000   10.000000   clock network delay (ideal)
                                 -0.250000    9.750000   clock uncertainty
                                  0.000000    9.750000   clock reconvergence pessimism
                                 -2.000000    7.750000   output external delay
                                              7.750000   data required time
---------------------------------------------------------------------------------------------
                                              7.750000   data required time
                                             -1.387532   data arrival time
---------------------------------------------------------------------------------------------
                                              6.362468   slack (MET)


Startpoint: _801_ (rising edge-triggered flip-flop clocked by clk)
Endpoint: sine_out[14] (output port clocked by clk)
Path Group: clk
Path Type: max

Fanout         Cap        Slew       Delay        Time   Description
---------------------------------------------------------------------------------------------
                      0.150000    0.000000    0.000000   clock clk (rise edge)
                                  0.000000    0.000000   clock network delay (ideal)
                      0.150000    0.000000    0.000000 ^ _801_/CLK (sky130_fd_sc_hd__dfrtp_2)
    77    0.210221    0.342535    0.545216    0.545216 v _801_/Q (sky130_fd_sc_hd__dfrtp_2)
                                                         tcount[3] (net)
                      0.342535    0.000000    0.545216 v _499_/A (sky130_fd_sc_hd__nor2_2)
     2    0.009387    0.121731    0.195849    0.741064 ^ _499_/Y (sky130_fd_sc_hd__nor2_2)
                                                         _064_ (net)
                      0.121731    0.000000    0.741064 ^ _617_/B (sky130_fd_sc_hd__nand2_2)
     3    0.007533    0.043457    0.045090    0.786154 v _617_/Y (sky130_fd_sc_hd__nand2_2)
                                                         _179_ (net)
                      0.043457    0.000000    0.786154 v _771_/B (sky130_fd_sc_hd__or2_2)
     4    0.009335    0.053726    0.178409    0.964563 v _771_/X (sky130_fd_sc_hd__or2_2)
                                                         _325_ (net)
                      0.053726    0.000000    0.964563 v _779_/C (sky130_fd_sc_hd__or3_2)
     2    0.006108    0.059483    0.244069    1.208631 v _779_/X (sky130_fd_sc_hd__or3_2)
                                                         _332_ (net)
                      0.059483    0.000000    1.208631 v _780_/A2 (sky130_fd_sc_hd__a21oi_2)
     1    0.004764    0.074384    0.104395    1.313027 ^ _780_/Y (sky130_fd_sc_hd__a21oi_2)
                                                         _333_ (net)
                      0.074384    0.000000    1.313027 ^ _781_/B1 (sky130_fd_sc_hd__a21oi_2)
     1    0.033442    0.119777    0.063510    1.376536 v _781_/Y (sky130_fd_sc_hd__a21oi_2)
                                                         sine_out[14] (net)
                      0.119777    0.000000    1.376536 v sine_out[14] (out)
                                              1.376536   data arrival time

                      0.150000   10.000000   10.000000   clock clk (rise edge)
                                  0.000000   10.000000   clock network delay (ideal)
                                 -0.250000    9.750000   clock uncertainty
                                  0.000000    9.750000   clock reconvergence pessimism
                                 -2.000000    7.750000   output external delay
                                              7.750000   data required time
---------------------------------------------------------------------------------------------
                                              7.750000   data required time
                                             -1.376536   data arrival time
---------------------------------------------------------------------------------------------
                                              6.373464   slack (MET)


Startpoint: rst (input port clocked by clk)
Endpoint: _798_ (recovery check against rising-edge clock clk)
Path Group: asynchronous
Path Type: max

Fanout         Cap        Slew       Delay        Time   Description
---------------------------------------------------------------------------------------------
                      0.150000    0.000000    0.000000   clock clk (rise edge)
                                  0.000000    0.000000   clock network delay (ideal)
                                  2.000000    2.000000 v input external delay
     8    0.034280    0.053443    0.036795    2.036795 v rst (in)
                                                         rst (net)
                      0.053443    0.000000    2.036795 v _398_/A (sky130_fd_sc_hd__inv_2)
     1    0.003617    0.024040    0.037912    2.074707 ^ _398_/Y (sky130_fd_sc_hd__inv_2)
                                                         _008_ (net)
                      0.024040    0.000000    2.074707 ^ _798_/RESET_B (sky130_fd_sc_hd__dfrtp_2)
                                              2.074707   data arrival time

                      0.150000   10.000000   10.000000   clock clk (rise edge)
                                  0.000000   10.000000   clock network delay (ideal)
                                 -0.250000    9.750000   clock uncertainty
                                  0.000000    9.750000   clock reconvergence pessimism
                                              9.750000 ^ _798_/CLK (sky130_fd_sc_hd__dfrtp_2)
                                  0.153518    9.903519   library recovery time
                                              9.903519   data required time
---------------------------------------------------------------------------------------------
                                              9.903519   data required time
                                             -2.074707   data arrival time
---------------------------------------------------------------------------------------------
                                              7.828812   slack (MET)


Startpoint: rst (input port clocked by clk)
Endpoint: _799_ (recovery check against rising-edge clock clk)
Path Group: asynchronous
Path Type: max

Fanout         Cap        Slew       Delay        Time   Description
---------------------------------------------------------------------------------------------
                      0.150000    0.000000    0.000000   clock clk (rise edge)
                                  0.000000    0.000000   clock network delay (ideal)
                                  2.000000    2.000000 v input external delay
     8    0.034280    0.053443    0.036795    2.036795 v rst (in)
                                                         rst (net)
                      0.053443    0.000000    2.036795 v _791_/A (sky130_fd_sc_hd__inv_2)
     1    0.003617    0.024040    0.037912    2.074707 ^ _791_/Y (sky130_fd_sc_hd__inv_2)
                                                         _009_ (net)
                      0.024040    0.000000    2.074707 ^ _799_/RESET_B (sky130_fd_sc_hd__dfrtp_2)
                                              2.074707   data arrival time

                      0.150000   10.000000   10.000000   clock clk (rise edge)
                                  0.000000   10.000000   clock network delay (ideal)
                                 -0.250000    9.750000   clock uncertainty
                                  0.000000    9.750000   clock reconvergence pessimism
                                              9.750000 ^ _799_/CLK (sky130_fd_sc_hd__dfrtp_2)
                                  0.153518    9.903519   library recovery time
                                              9.903519   data required time
---------------------------------------------------------------------------------------------
                                              9.903519   data required time
                                             -2.074707   data arrival time
---------------------------------------------------------------------------------------------
                                              7.828812   slack (MET)


Startpoint: rst (input port clocked by clk)
Endpoint: _800_ (recovery check against rising-edge clock clk)
Path Group: asynchronous
Path Type: max

Fanout         Cap        Slew       Delay        Time   Description
---------------------------------------------------------------------------------------------
                      0.150000    0.000000    0.000000   clock clk (rise edge)
                                  0.000000    0.000000   clock network delay (ideal)
                                  2.000000    2.000000 v input external delay
     8    0.034280    0.053443    0.036795    2.036795 v rst (in)
                                                         rst (net)
                      0.053443    0.000000    2.036795 v _792_/A (sky130_fd_sc_hd__inv_2)
     1    0.003617    0.024040    0.037912    2.074707 ^ _792_/Y (sky130_fd_sc_hd__inv_2)
                                                         _010_ (net)
                      0.024040    0.000000    2.074707 ^ _800_/RESET_B (sky130_fd_sc_hd__dfrtp_2)
                                              2.074707   data arrival time

                      0.150000   10.000000   10.000000   clock clk (rise edge)
                                  0.000000   10.000000   clock network delay (ideal)
                                 -0.250000    9.750000   clock uncertainty
                                  0.000000    9.750000   clock reconvergence pessimism
                                              9.750000 ^ _800_/CLK (sky130_fd_sc_hd__dfrtp_2)
                                  0.153518    9.903519   library recovery time
                                              9.903519   data required time
---------------------------------------------------------------------------------------------
                                              9.903519   data required time
                                             -2.074707   data arrival time
---------------------------------------------------------------------------------------------
                                              7.828812   slack (MET)


Startpoint: rst (input port clocked by clk)
Endpoint: _801_ (recovery check against rising-edge clock clk)
Path Group: asynchronous
Path Type: max

Fanout         Cap        Slew       Delay        Time   Description
---------------------------------------------------------------------------------------------
                      0.150000    0.000000    0.000000   clock clk (rise edge)
                                  0.000000    0.000000   clock network delay (ideal)
                                  2.000000    2.000000 v input external delay
     8    0.034280    0.053443    0.036795    2.036795 v rst (in)
                                                         rst (net)
                      0.053443    0.000000    2.036795 v _793_/A (sky130_fd_sc_hd__inv_2)
     1    0.003617    0.024040    0.037912    2.074707 ^ _793_/Y (sky130_fd_sc_hd__inv_2)
                                                         _011_ (net)
                      0.024040    0.000000    2.074707 ^ _801_/RESET_B (sky130_fd_sc_hd__dfrtp_2)
                                              2.074707   data arrival time

                      0.150000   10.000000   10.000000   clock clk (rise edge)
                                  0.000000   10.000000   clock network delay (ideal)
                                 -0.250000    9.750000   clock uncertainty
                                  0.000000    9.750000   clock reconvergence pessimism
                                              9.750000 ^ _801_/CLK (sky130_fd_sc_hd__dfrtp_2)
                                  0.153518    9.903519   library recovery time
                                              9.903519   data required time
---------------------------------------------------------------------------------------------
                                              9.903519   data required time
                                             -2.074707   data arrival time
---------------------------------------------------------------------------------------------
                                              7.828812   slack (MET)


Startpoint: rst (input port clocked by clk)
Endpoint: _802_ (recovery check against rising-edge clock clk)
Path Group: asynchronous
Path Type: max

Fanout         Cap        Slew       Delay        Time   Description
---------------------------------------------------------------------------------------------
                      0.150000    0.000000    0.000000   clock clk (rise edge)
                                  0.000000    0.000000   clock network delay (ideal)
                                  2.000000    2.000000 v input external delay
     8    0.034280    0.053443    0.036795    2.036795 v rst (in)
                                                         rst (net)
                      0.053443    0.000000    2.036795 v _794_/A (sky130_fd_sc_hd__inv_2)
     1    0.003617    0.024040    0.037912    2.074707 ^ _794_/Y (sky130_fd_sc_hd__inv_2)
                                                         _012_ (net)
                      0.024040    0.000000    2.074707 ^ _802_/RESET_B (sky130_fd_sc_hd__dfrtp_2)
                                              2.074707   data arrival time

                      0.150000   10.000000   10.000000   clock clk (rise edge)
                                  0.000000   10.000000   clock network delay (ideal)
                                 -0.250000    9.750000   clock uncertainty
                                  0.000000    9.750000   clock reconvergence pessimism
                                              9.750000 ^ _802_/CLK (sky130_fd_sc_hd__dfrtp_2)
                                  0.153518    9.903519   library recovery time
                                              9.903519   data required time
---------------------------------------------------------------------------------------------
                                              9.903519   data required time
                                             -2.074707   data arrival time
---------------------------------------------------------------------------------------------
                                              7.828812   slack (MET)


Startpoint: rst (input port clocked by clk)
Endpoint: _803_ (recovery check against rising-edge clock clk)
Path Group: asynchronous
Path Type: max

Fanout         Cap        Slew       Delay        Time   Description
---------------------------------------------------------------------------------------------
                      0.150000    0.000000    0.000000   clock clk (rise edge)
                                  0.000000    0.000000   clock network delay (ideal)
                                  2.000000    2.000000 v input external delay
     8    0.034280    0.053443    0.036795    2.036795 v rst (in)
                                                         rst (net)
                      0.053443    0.000000    2.036795 v _795_/A (sky130_fd_sc_hd__inv_2)
     1    0.003617    0.024040    0.037912    2.074707 ^ _795_/Y (sky130_fd_sc_hd__inv_2)
                                                         _013_ (net)
                      0.024040    0.000000    2.074707 ^ _803_/RESET_B (sky130_fd_sc_hd__dfrtp_2)
                                              2.074707   data arrival time

                      0.150000   10.000000   10.000000   clock clk (rise edge)
                                  0.000000   10.000000   clock network delay (ideal)
                                 -0.250000    9.750000   clock uncertainty
                                  0.000000    9.750000   clock reconvergence pessimism
                                              9.750000 ^ _803_/CLK (sky130_fd_sc_hd__dfrtp_2)
                                  0.153518    9.903519   library recovery time
                                              9.903519   data required time
---------------------------------------------------------------------------------------------
                                              9.903519   data required time
                                             -2.074707   data arrival time
---------------------------------------------------------------------------------------------
                                              7.828812   slack (MET)


Startpoint: rst (input port clocked by clk)
Endpoint: _804_ (recovery check against rising-edge clock clk)
Path Group: asynchronous
Path Type: max

Fanout         Cap        Slew       Delay        Time   Description
---------------------------------------------------------------------------------------------
                      0.150000    0.000000    0.000000   clock clk (rise edge)
                                  0.000000    0.000000   clock network delay (ideal)
                                  2.000000    2.000000 v input external delay
     8    0.034280    0.053443    0.036795    2.036795 v rst (in)
                                                         rst (net)
                      0.053443    0.000000    2.036795 v _796_/A (sky130_fd_sc_hd__inv_2)
     1    0.003617    0.024040    0.037912    2.074707 ^ _796_/Y (sky130_fd_sc_hd__inv_2)
                                                         _014_ (net)
                      0.024040    0.000000    2.074707 ^ _804_/RESET_B (sky130_fd_sc_hd__dfrtp_2)
                                              2.074707   data arrival time

                      0.150000   10.000000   10.000000   clock clk (rise edge)
                                  0.000000   10.000000   clock network delay (ideal)
                                 -0.250000    9.750000   clock uncertainty
                                  0.000000    9.750000   clock reconvergence pessimism
                                              9.750000 ^ _804_/CLK (sky130_fd_sc_hd__dfrtp_2)
                                  0.153518    9.903519   library recovery time
                                              9.903519   data required time
---------------------------------------------------------------------------------------------
                                              9.903519   data required time
                                             -2.074707   data arrival time
---------------------------------------------------------------------------------------------
                                              7.828812   slack (MET)


Startpoint: rst (input port clocked by clk)
Endpoint: _805_ (recovery check against rising-edge clock clk)
Path Group: asynchronous
Path Type: max

Fanout         Cap        Slew       Delay        Time   Description
---------------------------------------------------------------------------------------------
                      0.150000    0.000000    0.000000   clock clk (rise edge)
                                  0.000000    0.000000   clock network delay (ideal)
                                  2.000000    2.000000 v input external delay
     8    0.034280    0.053443    0.036795    2.036795 v rst (in)
                                                         rst (net)
                      0.053443    0.000000    2.036795 v _797_/A (sky130_fd_sc_hd__inv_2)
     1    0.003617    0.024040    0.037912    2.074707 ^ _797_/Y (sky130_fd_sc_hd__inv_2)
                                                         _015_ (net)
                      0.024040    0.000000    2.074707 ^ _805_/RESET_B (sky130_fd_sc_hd__dfrtp_2)
                                              2.074707   data arrival time

                      0.150000   10.000000   10.000000   clock clk (rise edge)
                                  0.000000   10.000000   clock network delay (ideal)
                                 -0.250000    9.750000   clock uncertainty
                                  0.000000    9.750000   clock reconvergence pessimism
                                              9.750000 ^ _805_/CLK (sky130_fd_sc_hd__dfrtp_2)
                                  0.153518    9.903519   library recovery time
                                              9.903519   data required time
---------------------------------------------------------------------------------------------
                                              9.903519   data required time
                                             -2.074707   data arrival time
---------------------------------------------------------------------------------------------
                                              7.828812   slack (MET)


Startpoint: _801_ (rising edge-triggered flip-flop clocked by clk)
Endpoint: _804_ (rising edge-triggered flip-flop clocked by clk)
Path Group: clk
Path Type: max

Fanout         Cap        Slew       Delay        Time   Description
---------------------------------------------------------------------------------------------
                      0.150000    0.000000    0.000000   clock clk (rise edge)
                                  0.000000    0.000000   clock network delay (ideal)
                      0.150000    0.000000    0.000000 ^ _801_/CLK (sky130_fd_sc_hd__dfrtp_2)
    77    0.229627    0.814541    0.789486    0.789486 ^ _801_/Q (sky130_fd_sc_hd__dfrtp_2)
                                                         tcount[3] (net)
                      0.814541    0.000000    0.789486 ^ _564_/B (sky130_fd_sc_hd__and4_2)
     4    0.013502    0.082649    0.220380    1.009866 ^ _564_/X (sky130_fd_sc_hd__and4_2)
                                                         _128_ (net)
                      0.082649    0.000000    1.009866 ^ _784_/B (sky130_fd_sc_hd__nand2_2)
     3    0.010892    0.146311    0.049416    1.059283 v _784_/Y (sky130_fd_sc_hd__nand2_2)
                                                         _334_ (net)
                      0.146311    0.000000    1.059283 v _787_/B (sky130_fd_sc_hd__or2_2)
     2    0.009503    0.051537    0.216767    1.276050 v _787_/X (sky130_fd_sc_hd__or2_2)
                                                         _335_ (net)
                      0.051537    0.000000    1.276050 v _789_/A (sky130_fd_sc_hd__and2_2)
     1    0.002059    0.025320    0.105998    1.382048 v _789_/X (sky130_fd_sc_hd__and2_2)
                                                         _006_ (net)
                      0.025320    0.000000    1.382048 v _804_/D (sky130_fd_sc_hd__dfrtp_2)
                                              1.382048   data arrival time

                      0.150000   10.000000   10.000000   clock clk (rise edge)
                                  0.000000   10.000000   clock network delay (ideal)
                                 -0.250000    9.750000   clock uncertainty
                                  0.000000    9.750000   clock reconvergence pessimism
                                              9.750000 ^ _804_/CLK (sky130_fd_sc_hd__dfrtp_2)
                                 -0.059937    9.690063   library setup time
                                              9.690063   data required time
---------------------------------------------------------------------------------------------
                                              9.690063   data required time
                                             -1.382048   data arrival time
---------------------------------------------------------------------------------------------
                                              8.308016   slack (MET)


Startpoint: _801_ (rising edge-triggered flip-flop clocked by clk)
Endpoint: _805_ (rising edge-triggered flip-flop clocked by clk)
Path Group: clk
Path Type: max

Fanout         Cap        Slew       Delay        Time   Description
---------------------------------------------------------------------------------------------
                      0.150000    0.000000    0.000000   clock clk (rise edge)
                                  0.000000    0.000000   clock network delay (ideal)
                      0.150000    0.000000    0.000000 ^ _801_/CLK (sky130_fd_sc_hd__dfrtp_2)
    77    0.229627    0.814541    0.789486    0.789486 ^ _801_/Q (sky130_fd_sc_hd__dfrtp_2)
                                                         tcount[3] (net)
                      0.814541    0.000000    0.789486 ^ _564_/B (sky130_fd_sc_hd__and4_2)
     4    0.013502    0.082649    0.220380    1.009866 ^ _564_/X (sky130_fd_sc_hd__and4_2)
                                                         _128_ (net)
                      0.082649    0.000000    1.009866 ^ _784_/B (sky130_fd_sc_hd__nand2_2)
     3    0.010892    0.146311    0.049416    1.059283 v _784_/Y (sky130_fd_sc_hd__nand2_2)
                                                         _334_ (net)
                      0.146311    0.000000    1.059283 v _787_/B (sky130_fd_sc_hd__or2_2)
     2    0.009503    0.051537    0.216767    1.276050 v _787_/X (sky130_fd_sc_hd__or2_2)
                                                         _335_ (net)
                      0.051537    0.000000    1.276050 v _790_/B (sky130_fd_sc_hd__xnor2_2)
     1    0.002059    0.049916    0.082184    1.358234 v _790_/Y (sky130_fd_sc_hd__xnor2_2)
                                                         _007_ (net)
                      0.049916    0.000000    1.358234 v _805_/D (sky130_fd_sc_hd__dfrtp_2)
                                              1.358234   data arrival time

                      0.150000   10.000000   10.000000   clock clk (rise edge)
                                  0.000000   10.000000   clock network delay (ideal)
                                 -0.250000    9.750000   clock uncertainty
                                  0.000000    9.750000   clock reconvergence pessimism
                                              9.750000 ^ _805_/CLK (sky130_fd_sc_hd__dfrtp_2)
                                 -0.068676    9.681324   library setup time
                                              9.681324   data required time
---------------------------------------------------------------------------------------------
                                              9.681324   data required time
                                             -1.358234   data arrival time
---------------------------------------------------------------------------------------------
                                              8.323090   slack (MET)


Startpoint: _801_ (rising edge-triggered flip-flop clocked by clk)
Endpoint: _802_ (rising edge-triggered flip-flop clocked by clk)
Path Group: clk
Path Type: max

Fanout         Cap        Slew       Delay        Time   Description
---------------------------------------------------------------------------------------------
                      0.150000    0.000000    0.000000   clock clk (rise edge)
                                  0.000000    0.000000   clock network delay (ideal)
                      0.150000    0.000000    0.000000 ^ _801_/CLK (sky130_fd_sc_hd__dfrtp_2)
    77    0.229627    0.814541    0.789486    0.789486 ^ _801_/Q (sky130_fd_sc_hd__dfrtp_2)
                                                         tcount[3] (net)
                      0.814541    0.000000    0.789486 ^ _564_/B (sky130_fd_sc_hd__and4_2)
     4    0.013502    0.082649    0.220380    1.009866 ^ _564_/X (sky130_fd_sc_hd__and4_2)
                                                         _128_ (net)
                      0.082649    0.000000    1.009866 ^ _784_/B (sky130_fd_sc_hd__nand2_2)
     3    0.010892    0.146311    0.049416    1.059283 v _784_/Y (sky130_fd_sc_hd__nand2_2)
                                                         _334_ (net)
                      0.146311    0.000000    1.059283 v _785_/B (sky130_fd_sc_hd__and2_2)
     1    0.002059    0.025959    0.157753    1.217036 v _785_/X (sky130_fd_sc_hd__and2_2)
                                                         _004_ (net)
                      0.025959    0.000000    1.217036 v _802_/D (sky130_fd_sc_hd__dfrtp_2)
                                              1.217036   data arrival time

                      0.150000   10.000000   10.000000   clock clk (rise edge)
                                  0.000000   10.000000   clock network delay (ideal)
                                 -0.250000    9.750000   clock uncertainty
                                  0.000000    9.750000   clock reconvergence pessimism
                                              9.750000 ^ _802_/CLK (sky130_fd_sc_hd__dfrtp_2)
                                 -0.060163    9.689837   library setup time
                                              9.689837   data required time
---------------------------------------------------------------------------------------------
                                              9.689837   data required time
                                             -1.217036   data arrival time
---------------------------------------------------------------------------------------------
                                              8.472801   slack (MET)


Startpoint: _801_ (rising edge-triggered flip-flop clocked by clk)
Endpoint: _803_ (rising edge-triggered flip-flop clocked by clk)
Path Group: clk
Path Type: max

Fanout         Cap        Slew       Delay        Time   Description
---------------------------------------------------------------------------------------------
                      0.150000    0.000000    0.000000   clock clk (rise edge)
                                  0.000000    0.000000   clock network delay (ideal)
                      0.150000    0.000000    0.000000 ^ _801_/CLK (sky130_fd_sc_hd__dfrtp_2)
    77    0.229627    0.814541    0.789486    0.789486 ^ _801_/Q (sky130_fd_sc_hd__dfrtp_2)
                                                         tcount[3] (net)
                      0.814541    0.000000    0.789486 ^ _564_/B (sky130_fd_sc_hd__and4_2)
     4    0.013502    0.082649    0.220380    1.009866 ^ _564_/X (sky130_fd_sc_hd__and4_2)
                                                         _128_ (net)
                      0.082649    0.000000    1.009866 ^ _784_/B (sky130_fd_sc_hd__nand2_2)
     3    0.010892    0.146311    0.049416    1.059283 v _784_/Y (sky130_fd_sc_hd__nand2_2)
                                                         _334_ (net)
                      0.146311    0.000000    1.059283 v _786_/B (sky130_fd_sc_hd__xnor2_2)
     1    0.002059    0.046477    0.116533    1.175815 v _786_/Y (sky130_fd_sc_hd__xnor2_2)
                                                         _005_ (net)
                      0.046477    0.000000    1.175815 v _803_/D (sky130_fd_sc_hd__dfrtp_2)
                                              1.175815   data arrival time

                      0.150000   10.000000   10.000000   clock clk (rise edge)
                                  0.000000   10.000000   clock network delay (ideal)
                                 -0.250000    9.750000   clock uncertainty
                                  0.000000    9.750000   clock reconvergence pessimism
                                              9.750000 ^ _803_/CLK (sky130_fd_sc_hd__dfrtp_2)
                                 -0.067454    9.682546   library setup time
                                              9.682546   data required time
---------------------------------------------------------------------------------------------
                                              9.682546   data required time
                                             -1.175815   data arrival time
---------------------------------------------------------------------------------------------
                                              8.506731   slack (MET)


Startpoint: _801_ (rising edge-triggered flip-flop clocked by clk)
Endpoint: _801_ (rising edge-triggered flip-flop clocked by clk)
Path Group: clk
Path Type: max

Fanout         Cap        Slew       Delay        Time   Description
---------------------------------------------------------------------------------------------
                      0.150000    0.000000    0.000000   clock clk (rise edge)
                                  0.000000    0.000000   clock network delay (ideal)
                      0.150000    0.000000    0.000000 ^ _801_/CLK (sky130_fd_sc_hd__dfrtp_2)
    77    0.229627    0.814541    0.789486    0.789486 ^ _801_/Q (sky130_fd_sc_hd__dfrtp_2)
                                                         tcount[3] (net)
                      0.814541    0.000000    0.789486 ^ _564_/B (sky130_fd_sc_hd__and4_2)
     4    0.013502    0.082649    0.220380    1.009866 ^ _564_/X (sky130_fd_sc_hd__and4_2)
                                                         _128_ (net)
                      0.082649    0.000000    1.009866 ^ _783_/B (sky130_fd_sc_hd__nor2_2)
     1    0.002059    0.029591    0.015297    1.025164 v _783_/Y (sky130_fd_sc_hd__nor2_2)
                                                         _003_ (net)
                      0.029591    0.000000    1.025164 v _801_/D (sky130_fd_sc_hd__dfrtp_2)
                                              1.025164   data arrival time

                      0.150000   10.000000   10.000000   clock clk (rise edge)
                                  0.000000   10.000000   clock network delay (ideal)
                                 -0.250000    9.750000   clock uncertainty
                                  0.000000    9.750000   clock reconvergence pessimism
                                              9.750000 ^ _801_/CLK (sky130_fd_sc_hd__dfrtp_2)
                                 -0.061454    9.688546   library setup time
                                              9.688546   data required time
---------------------------------------------------------------------------------------------
                                              9.688546   data required time
                                             -1.025164   data arrival time
---------------------------------------------------------------------------------------------
                                              8.663383   slack (MET)


Startpoint: _798_ (rising edge-triggered flip-flop clocked by clk)
Endpoint: _799_ (rising edge-triggered flip-flop clocked by clk)
Path Group: clk
Path Type: max

Fanout         Cap        Slew       Delay        Time   Description
---------------------------------------------------------------------------------------------
                      0.150000    0.000000    0.000000   clock clk (rise edge)
                                  0.000000    0.000000   clock network delay (ideal)
                      0.150000    0.000000    0.000000 ^ _798_/CLK (sky130_fd_sc_hd__dfrtp_2)
    47    0.134123    0.225170    0.455359    0.455359 v _798_/Q (sky130_fd_sc_hd__dfrtp_2)
                                                         tcount[0] (net)
                      0.225170    0.000000    0.455359 v _403_/A (sky130_fd_sc_hd__xnor2_2)
    12    0.042109    0.415613    0.400442    0.855801 ^ _403_/Y (sky130_fd_sc_hd__xnor2_2)
                                                         _346_ (net)
                      0.415613    0.000000    0.855801 ^ _404_/A (sky130_fd_sc_hd__inv_2)
    12    0.037877    0.134496    0.100106    0.955907 v _404_/Y (sky130_fd_sc_hd__inv_2)
                                                         _001_ (net)
                      0.134496    0.000000    0.955907 v _799_/D (sky130_fd_sc_hd__dfrtp_2)
                                              0.955907   data arrival time

                      0.150000   10.000000   10.000000   clock clk (rise edge)
                                  0.000000   10.000000   clock network delay (ideal)
                                 -0.250000    9.750000   clock uncertainty
                                  0.000000    9.750000   clock reconvergence pessimism
                                              9.750000 ^ _799_/CLK (sky130_fd_sc_hd__dfrtp_2)
                                 -0.098731    9.651269   library setup time
                                              9.651269   data required time
---------------------------------------------------------------------------------------------
                                              9.651269   data required time
                                             -0.955907   data arrival time
---------------------------------------------------------------------------------------------
                                              8.695362   slack (MET)


Startpoint: _800_ (rising edge-triggered flip-flop clocked by clk)
Endpoint: _800_ (rising edge-triggered flip-flop clocked by clk)
Path Group: clk
Path Type: max

Fanout         Cap        Slew       Delay        Time   Description
---------------------------------------------------------------------------------------------
                      0.150000    0.000000    0.000000   clock clk (rise edge)
                                  0.000000    0.000000   clock network delay (ideal)
                      0.150000    0.000000    0.000000 ^ _800_/CLK (sky130_fd_sc_hd__dfrtp_2)
    58    0.172171    0.612171    0.651937    0.651937 ^ _800_/Q (sky130_fd_sc_hd__dfrtp_2)
                                                         tcount[2] (net)
                      0.612171    0.000000    0.651937 ^ _470_/A_N (sky130_fd_sc_hd__nand3b_2)
    12    0.038098    0.197004    0.209050    0.860986 ^ _470_/Y (sky130_fd_sc_hd__nand3b_2)
                                                         _037_ (net)
                      0.197004    0.000000    0.860986 ^ _471_/B (sky130_fd_sc_hd__nand2_2)
     1    0.002059    0.036873    0.022930    0.883916 v _471_/Y (sky130_fd_sc_hd__nand2_2)
                                                         _002_ (net)
                      0.036873    0.000000    0.883916 v _800_/D (sky130_fd_sc_hd__dfrtp_2)
                                              0.883916   data arrival time

                      0.150000   10.000000   10.000000   clock clk (rise edge)
                                  0.000000   10.000000   clock network delay (ideal)
                                 -0.250000    9.750000   clock uncertainty
                                  0.000000    9.750000   clock reconvergence pessimism
                                              9.750000 ^ _800_/CLK (sky130_fd_sc_hd__dfrtp_2)
                                 -0.064042    9.685958   library setup time
                                              9.685958   data required time
---------------------------------------------------------------------------------------------
                                              9.685958   data required time
                                             -0.883916   data arrival time
---------------------------------------------------------------------------------------------
                                              8.802042   slack (MET)


Startpoint: _798_ (rising edge-triggered flip-flop clocked by clk)
Endpoint: _798_ (rising edge-triggered flip-flop clocked by clk)
Path Group: clk
Path Type: max

Fanout         Cap        Slew       Delay        Time   Description
---------------------------------------------------------------------------------------------
                      0.150000    0.000000    0.000000   clock clk (rise edge)
                                  0.000000    0.000000   clock network delay (ideal)
                      0.150000    0.000000    0.000000 ^ _798_/CLK (sky130_fd_sc_hd__dfrtp_2)
    47    0.146238    0.520831    0.589853    0.589853 ^ _798_/Q (sky130_fd_sc_hd__dfrtp_2)
                                                         tcount[0] (net)
                      0.520831    0.000000    0.589853 ^ _391_/A (sky130_fd_sc_hd__inv_2)
     5    0.014877    0.103632    0.034670    0.624523 v _391_/Y (sky130_fd_sc_hd__inv_2)
                                                         _000_ (net)
                      0.103632    0.000000    0.624523 v _798_/D (sky130_fd_sc_hd__dfrtp_2)
                                              0.624523   data arrival time

                      0.150000   10.000000   10.000000   clock clk (rise edge)
                                  0.000000   10.000000   clock network delay (ideal)
                                 -0.250000    9.750000   clock uncertainty
                                  0.000000    9.750000   clock reconvergence pessimism
                                              9.750000 ^ _798_/CLK (sky130_fd_sc_hd__dfrtp_2)
                                 -0.087764    9.662236   library setup time
                                              9.662236   data required time
---------------------------------------------------------------------------------------------
                                              9.662236   data required time
                                             -0.624523   data arrival time
---------------------------------------------------------------------------------------------
                                              9.037713   slack (MET)



