Clock: clk
Sources: clk 
Generated: no
Virtual: yes
Propagated: no
Period: 10.000000

===========================================================================
report_clock_properties
============================================================================
Clock                   Period          Waveform
----------------------------------------------------
clk                  10.000000    0.000000  5.000000

===========================================================================
report_clock_latency
============================================================================
Clock clk
rise -> rise
    min     max
0.000000 0.000000 source latency
0.064643         network latency _799_/CLK
        0.064771 network latency _803_/CLK
---------------
0.064643 0.064771 latency
        0.000128 skew

fall -> fall
    min     max
0.000000 0.000000 source latency
0.029780         network latency _799_/CLK
        0.029900 network latency _803_/CLK
---------------
0.029780 0.029900 latency
        0.000120 skew



===========================================================================
report_clock_min_period
============================================================================
clk period_min = 2.68 fmax = 373.53
