┏━━━━━━━━━━━━━━━━━━━━━━┳━━━━━━━━━━┳━━━━━━━━━━┳━━━━━━━━━━┳━━━━━━━━━━┳━━━━━━━━━━━┳━━━━━━━━━━┳━━━━━━━━━━━┳━━━━━━━━━━┳━━━━━━━━━━━┳━━━━━━━━━━┳━━━━━━━━━━━┳━━━━━━━━━━┓
┃                      ┃ Hold     ┃ Reg to   ┃          ┃          ┃ of which  ┃ Setup    ┃           ┃          ┃           ┃ of which ┃           ┃          ┃
┃                      ┃ Worst    ┃ Reg      ┃          ┃ Hold Vio ┃ reg to    ┃ Worst    ┃ Reg to    ┃ Setup    ┃ Setup Vio ┃ reg to   ┃ Max Cap   ┃ Max Slew ┃
┃ Corner/Group         ┃ Slack    ┃ Paths    ┃ Hold TNS ┃ Count    ┃ reg       ┃ Slack    ┃ Reg Paths ┃ TNS      ┃ Count     ┃ reg      ┃ Violatio… ┃ Violati… ┃
┡━━━━━━━━━━━━━━━━━━━━━━╇━━━━━━━━━━╇━━━━━━━━━━╇━━━━━━━━━━╇━━━━━━━━━━╇━━━━━━━━━━━╇━━━━━━━━━━╇━━━━━━━━━━━╇━━━━━━━━━━╇━━━━━━━━━━━╇━━━━━━━━━━╇━━━━━━━━━━━╇━━━━━━━━━━┩
│ Overall              │ 0.1924   │ 0.1924   │ 0.0000   │ 0        │ 0         │ 1.0882   │ 5.2262    │ 0.0000   │ 0         │ 0        │ 2         │ 341      │
│ nom_tt_025C_1v80     │ 0.4363   │ 0.4363   │ 0.0000   │ 0        │ 0         │ 4.4976   │ 7.4984    │ 0.0000   │ 0         │ 0        │ 2         │ 218      │
│ nom_ss_100C_1v60     │ 1.1151   │ 1.1151   │ 0.0000   │ 0        │ 0         │ 1.0882   │ 5.2262    │ 0.0000   │ 0         │ 0        │ 2         │ 341      │
│ nom_ff_n40C_1v95     │ 0.1924   │ 0.1924   │ 0.0000   │ 0        │ 0         │ 5.7144   │ 8.3080    │ 0.0000   │ 0         │ 0        │ 2         │ 159      │
└──────────────────────┴──────────┴──────────┴──────────┴──────────┴───────────┴──────────┴───────────┴──────────┴───────────┴──────────┴───────────┴──────────┘
